// Jest Snapshot v1, https://goo.gl/fbAQLP

exports[`<Display /> snapshots renders correctly 1`] = `
<RX.View
  style={
    Object {
      "alignItems": "center",
      "flex": 1,
      "justifyContent": "center",
    }
  }
>
  <RX.Text
    style={
      Object {
        "fontSize": 20,
        "margin": 10,
        "textAlign": "center",
      }
    }
  >
    Your App
  </RX.Text>
  <RX.Text
    style={
      Object {
        "color": "#333333",
        "marginBottom": 5,
        "textAlign": "center",
      }
    }
  />
</RX.View>
`;
